event.error: zae11j
